Microchip MPLAB XC8 Compiler V2.50

Linker command line:

--edf=C:\Program Files\Microchip\xc8\v2.50\pic\dat\20240725155939_en.msgs \
  -cn -h+pic18F4580.sym --cmf=pic18F4580.cmf -z -Q18F4580 \
  -oC:\Users\NREVAT~1\AppData\Local\Temp\xcAsmmc.\driver_tmp_3.obj \
  -Mpic18F4580.map \
  --md=C:\Users\NREVAT~1\AppData\Local\Temp\xcAsmmc.\driver_tmp_0.dat \
  -ver=XC8 Compiler -ACODE=00h-03000h -ACONST=00h-03000h \
  -ASMALLCONST=0600h-06FFhx42,03000h-03000h -AMEDIUMCONST=0600h-03000h \
  -ACOMRAM=01h-05Fh -AABS1=00h-05FFh -ABIGRAM=01h-05FFh \
  -ARAM=060h-0FFh,0100h-01FFhx5 -ABANK0=060h-0FFh -ABANK1=0100h-01FFh \
  -ABANK2=0200h-02FFh -ABANK3=0300h-03FFh -ABANK4=0400h-04FFh \
  -ABANK5=0500h-05FFh -ASFR=0D00h-0DFFhx2,0F00h-0F5Fh,0F60h-0FFFh \
  -ABIGSFR=0D00h-0FFFh -ACONFIG=0300000h-030000Dh -AIDLOC=0200000h-0200007h \
  -AEEDATA=0F00000h-0F000FFh -peeprom_data=EEDATA \
  -preset_vec=00h,intcode,sivt_hi,intcodelo,sivt_lo,powerup,init \
  -pramtop=0600h -psmallconst=SMALLCONST -pmediumconst=MEDIUMCONST \
  -pconst=CONST -AFARRAM=00h-00h \
  -prdata=COMRAM,nvrram=COMRAM,nvbit=COMRAM,rbss=COMRAM,rbit=COMRAM \
  -pfarbss=FARRAM,fardata=FARRAM,nvFARRAM=FARRAM \
  -pintsave_regs=BIGRAM,bigbss=BIGRAM,bigdata=BIGRAM -pbss=RAM \
  -pidata=CODE,irdata=CODE,ibigdata=CODE,ifardata=CODE -prparam=COMRAM \
  startup.obj pic18F4580.obj 

Object code version is 3.11

Machine type is 18F4580



                Name                               Link     Load   Length Selector   Space Scale
startup.obj     init                                  0        0        4        0       0
pic18F4580.obj  mediumconst                        2F10     2F10       F0     1788       0
                text53                             1E8C     1E8C       42      F46       0
                text52                             1AEC     1AEC        8      D76       0
                text51                             1AF4     1AF4        8      D7A       0
                text50                             1AFC     1AFC        8      D7E       0
                text49                             1B26     1B26        C      D93       0
                text48                             1D6E     1D6E       36      EB7       0
                text47                             24CA     24CA       B8     1265       0
                text46                             1FAE     1FAE       56      FD7       0
                text45                             2184     2184       6E     10C2       0
                text44                             1BC0     1BC0       1E      DE0       0
                text43                             1C20     1C20       28      E10       0
                text42                             20C2     20C2       60     1061       0
                text41                             1AE6     1AE6        6      D73       0
                text40                             1B04     1B04        8      D82       0
                text39                             1B32     1B32        C      D99       0
                text38                             1B0C     1B0C        8      D86       0
                text37                             1C70     1C70       2A      E38       0
                text36                             2D44     2D44      1CC     16A2       0
                text35                             1B14     1B14        8      D8A       0
                text34                             1B3E     1B3E        C      D9F       0
                text33                             1C9A     1C9A       2A      E4D       0
                text32                             29E2     29E2      104     14F1       0
                text31                             1DA4     1DA4       38      ED2       0
                text30                             22EC     22EC       8A     1176       0
                text29                             2AE6     2AE6      10C     1573       0
                text28                             1ECE     1ECE       44      F67       0
                text27                             1D42     1D42       2C      EA1       0
                text26                             241C     241C       AE     120E       0
                text25                             2718     2718       E6     138C       0
                text24                             2646     2646       D2     1323       0
                text23                             1F5C     1F5C       52      FAE       0
                text22                             1BFC     1BFC       24      DFE       0
                text21                             1B72     1B72       18      DB9       0
                text20                             1E14     1E14       3C      F0A       0
                text19                             2582     2582       C4     12C1       0
                text18                             1CC4     1CC4       2A      E62       0
                text17                             2004     2004       5E     1002       0
                text16                             226A     226A       82     1135       0
                text15                             27FE     27FE       EA     13FF       0
                text14                             1DDC     1DDC       38      EEE       0
                text13                             1C48     1C48       28      E24       0
                text12                             28E8     28E8       FA     1474       0
                text11                             1BA4     1BA4       1C      DD2       0
                text10                             2376     2376       A6     11BB       0
                text9                              1BDE     1BDE       1E      DEF       0
                text8                              1CEE     1CEE       2A      E77       0
                text7                              1B5C     1B5C       16      DAE       0
                text6                              1B4A     1B4A       12      DA5       0
                text5                              1D18     1D18       2A      E8C       0
                text4                              1B8A     1B8A       1A      DC5       0
                text3                              21F2     21F2       78     10F9       0
                text2                              1E50     1E50       3C      F28       0
                text1                              1F12     1F12       4A      F89       0
                text0                              2BF2     2BF2      152     15F9       0
                cstackCOMRAM                          1        1       31        1       1
                bssBANK1                            100      100       AA      100       1
                dataBANK0                            60       60       5F       60       1
                dataCOMRAM                           43       43        9        1       1
                bssCOMRAM                            32       32       11        1       1
                cinit                              2122     2122       62     1091       0
                idataBANK0                         2063     2063       5F     2063       0
                idataCOMRAM                        1B1D     1B1D        9     1B1D       0

TOTAL           Name                               Link     Load   Length     Space
        CLASS   CODE           
                init                                  0        0        4         0
                text53                             1E8C     1E8C       42         0
                text52                             1AEC     1AEC        8         0
                text51                             1AF4     1AF4        8         0
                text50                             1AFC     1AFC        8         0
                text49                             1B26     1B26        C         0
                text48                             1D6E     1D6E       36         0
                text47                             24CA     24CA       B8         0
                text46                             1FAE     1FAE       56         0
                text45                             2184     2184       6E         0
                text44                             1BC0     1BC0       1E         0
                text43                             1C20     1C20       28         0
                text42                             20C2     20C2       60         0
                text41                             1AE6     1AE6        6         0
                text40                             1B04     1B04        8         0
                text39                             1B32     1B32        C         0
                text38                             1B0C     1B0C        8         0
                text37                             1C70     1C70       2A         0
                text36                             2D44     2D44      1CC         0
                text35                             1B14     1B14        8         0
                text34                             1B3E     1B3E        C         0
                text33                             1C9A     1C9A       2A         0
                text32                             29E2     29E2      104         0
                text31                             1DA4     1DA4       38         0
                text30                             22EC     22EC       8A         0
                text29                             2AE6     2AE6      10C         0
                text28                             1ECE     1ECE       44         0
                text27                             1D42     1D42       2C         0
                text26                             241C     241C       AE         0
                text25                             2718     2718       E6         0
                text24                             2646     2646       D2         0
                text23                             1F5C     1F5C       52         0
                text22                             1BFC     1BFC       24         0
                text21                             1B72     1B72       18         0
                text20                             1E14     1E14       3C         0
                text19                             2582     2582       C4         0
                text18                             1CC4     1CC4       2A         0
                text17                             2004     2004       5E         0
                text16                             226A     226A       82         0
                text15                             27FE     27FE       EA         0
                text14                             1DDC     1DDC       38         0
                text13                             1C48     1C48       28         0
                text12                             28E8     28E8       FA         0
                text11                             1BA4     1BA4       1C         0
                text10                             2376     2376       A6         0
                text9                              1BDE     1BDE       1E         0
                text8                              1CEE     1CEE       2A         0
                text7                              1B5C     1B5C       16         0
                text6                              1B4A     1B4A       12         0
                text5                              1D18     1D18       2A         0
                text4                              1B8A     1B8A       1A         0
                text3                              21F2     21F2       78         0
                text2                              1E50     1E50       3C         0
                text1                              1F12     1F12       4A         0
                text0                              2BF2     2BF2      152         0
                cinit                              2122     2122       62         0
                idataBANK0                         2063     2063       5F         0
                idataCOMRAM                        1B1D     1B1D        9         0

        CLASS   CONST          

        CLASS   SMALLCONST     

        CLASS   MEDIUMCONST    
                mediumconst                        2F10     2F10       F0         0

        CLASS   COMRAM         
                cstackCOMRAM                          1        1       31         1
                dataCOMRAM                           43       43        9         1
                bssCOMRAM                            32       32       11         1

        CLASS   ABS1           

        CLASS   BIGRAM         

        CLASS   RAM            

        CLASS   BANK0          
                dataBANK0                            60       60       5F         1

        CLASS   BANK1          
                bssBANK1                            100      100       AA         1

        CLASS   BANK2          

        CLASS   BANK3          

        CLASS   BANK4          

        CLASS   BANK5          

        CLASS   SFR            

        CLASS   BIGSFR         

        CLASS   CONFIG         

        CLASS   IDLOC          

        CLASS   EEDATA         

        CLASS   FARRAM         

        CLASS   HEAP           

        CLASS   STACK          



SEGMENTS        Name                           Load    Length   Top    Selector   Space  Class

                reset_vec                      000000  000004  000004         0       0  CODE    
                cstackCOMRAM                   000001  00004B  00004C         1       1  COMRAM  
                dataBANK0                      000060  00005F  0000BF        60       1  BANK0   
                bssBANK1                       000100  0000AA  0001AA       100       1  BANK1   
                text41                         001AE6  000006  001AEC       D73       0  CODE    
                text52                         001AEC  000008  001AF4       D76       0  CODE    
                text51                         001AF4  000008  001AFC       D7A       0  CODE    
                text50                         001AFC  000008  001B04       D7E       0  CODE    
                text40                         001B04  000008  001B0C       D82       0  CODE    
                text38                         001B0C  000008  001B14       D86       0  CODE    
                text35                         001B14  000008  001B1C       D8A       0  CODE    
                idataCOMRAM                    001B1D  000009  001B26      1B1D       0  CODE    
                text49                         001B26  00000C  001B32       D93       0  CODE    
                text39                         001B32  00000C  001B3E       D99       0  CODE    
                text34                         001B3E  00000C  001B4A       D9F       0  CODE    
                text6                          001B4A  000012  001B5C       DA5       0  CODE    
                text7                          001B5C  000016  001B72       DAE       0  CODE    
                text21                         001B72  000018  001B8A       DB9       0  CODE    
                text4                          001B8A  00001A  001BA4       DC5       0  CODE    
                text11                         001BA4  00001C  001BC0       DD2       0  CODE    
                text44                         001BC0  00001E  001BDE       DE0       0  CODE    
                text9                          001BDE  00001E  001BFC       DEF       0  CODE    
                text22                         001BFC  000024  001C20       DFE       0  CODE    
                text43                         001C20  000028  001C48       E10       0  CODE    
                text13                         001C48  000028  001C70       E24       0  CODE    
                text37                         001C70  00002A  001C9A       E38       0  CODE    
                text33                         001C9A  00002A  001CC4       E4D       0  CODE    
                text18                         001CC4  00002A  001CEE       E62       0  CODE    
                text8                          001CEE  00002A  001D18       E77       0  CODE    
                text5                          001D18  00002A  001D42       E8C       0  CODE    
                text27                         001D42  00002C  001D6E       EA1       0  CODE    
                text48                         001D6E  000036  001DA4       EB7       0  CODE    
                text31                         001DA4  000038  001DDC       ED2       0  CODE    
                text14                         001DDC  000038  001E14       EEE       0  CODE    
                text20                         001E14  00003C  001E50       F0A       0  CODE    
                text2                          001E50  00003C  001E8C       F28       0  CODE    
                text53                         001E8C  000042  001ECE       F46       0  CODE    
                text28                         001ECE  000044  001F12       F67       0  CODE    
                text1                          001F12  00004A  001F5C       F89       0  CODE    
                text23                         001F5C  000052  001FAE       FAE       0  CODE    
                text46                         001FAE  000056  002004       FD7       0  CODE    
                text17                         002004  00005E  002062      1002       0  CODE    
                idataBANK0                     002063  00005F  0020C2      2063       0  CODE    
                text42                         0020C2  000060  002122      1061       0  CODE    
                cinit                          002122  000062  002184      1091       0  CODE    
                text45                         002184  00006E  0021F2      10C2       0  CODE    
                text3                          0021F2  000078  00226A      10F9       0  CODE    
                text16                         00226A  000082  0022EC      1135       0  CODE    
                text30                         0022EC  00008A  002376      1176       0  CODE    
                text10                         002376  0000A6  00241C      11BB       0  CODE    
                text26                         00241C  0000AE  0024CA      120E       0  CODE    
                text47                         0024CA  0000B8  002582      1265       0  CODE    
                text19                         002582  0000C4  002646      12C1       0  CODE    
                text24                         002646  0000D2  002718      1323       0  CODE    
                text25                         002718  0000E6  0027FE      138C       0  CODE    
                text15                         0027FE  0000EA  0028E8      13FF       0  CODE    
                text12                         0028E8  0000FA  0029E2      1474       0  CODE    
                text32                         0029E2  000104  002AE6      14F1       0  CODE    
                text29                         002AE6  00010C  002BF2      1573       0  CODE    
                text0                          002BF2  000152  002D44      15F9       0  CODE    
                text36                         002D44  0001CC  002F10      16A2       0  CODE    
                mediumconst                    002F10  0000F0  003000      1788       0  MEDIUMCO


UNUSED ADDRESS RANGES

        Name                Unused          Largest block    Delta
        BANK0            00BF-00FF             41
        BANK1            01AA-01FF             56
        BANK2            0200-02FF            100
        BANK3            0300-03FF            100
        BANK4            0400-04FF            100
        BANK5            0500-05FF            100
        BIGRAM           004C-005F             14
                         00BF-00FF             41
                         01AA-05FF            456
        BIGSFR           0D00-0FFF            300
        CODE             0004-1AE5           1AE2
                         1B1C-1B1C              1
                         2062-2062              1
                         3000-3000              1
        COMRAM           004C-005F             14
        CONFIG           300000-30000D              E
        CONST            0004-1AE5           1AE2
                         1B1C-1B1C              1
                         2062-2062              1
                         3000-3000              1
        EEDATA           F00000-F000FF            100
        IDLOC            200000-200007              8
        MEDIUMCONST      0600-1AE5           14E6
                         1B1C-1B1C              1
                         2062-2062              1
                         3000-3000              1
        RAM              00BF-00FF             41
                         01AA-05FF            100
        SFR              0D00-0FFF            100
        SMALLCONST       0600-1AE5            100
                         1B1C-1B1C              1
                         2062-2062              1
                         3000-3000              1

                                  Symbol Table

?___awmod                        cstackCOMRAM 0001
?___ftdiv                        cstackCOMRAM 000C
?___ftpack                       cstackCOMRAM 0001
?___fttol                        cstackCOMRAM 001B
?___lwdiv                        cstackCOMRAM 0001
?___lwmod                        cstackCOMRAM 0001
?___lwtoft                       cstackCOMRAM 0009
?_read_adc                       cstackCOMRAM 0001
_ABDEN                           (abs)        7DC0
_ABDOVF                          (abs)        7DC7
_ACKDT                           (abs)        7E2D
_ACKEN                           (abs)        7E2C
_ACQT0                           (abs)        7E03
_ACQT1                           (abs)        7E04
_ACQT2                           (abs)        7E05
_ADCON0                          (abs)        0FC2
_ADCON1                          (abs)        0FC1
_ADCS0                           (abs)        7E00
_ADCS1                           (abs)        7E01
_ADCS2                           (abs)        7E02
_ADFM                            (abs)        7E07
_ADON                            (abs)        7E10
_ADRESH                          (abs)        0FC4
_ADRESL                          (abs)        0FC3
_BCLIF                           (abs)        7D0B
_BRG16                           (abs)        7DC3
_BRGH                            (abs)        7D62
_CKE                             (abs)        7E3E
_CREN                            (abs)        7D5C
_Event                           dataBANK0    00A4
_GO                              (abs)        7E11
_GODONE                          (abs)        7E11
_PEN                             (abs)        7E2A
_PORTB                           (abs)        0F81
_PORTBbits                       (abs)        0F81
_PORTD                           (abs)        0F83
_RBPU                            (abs)        7F8F
_RC0                             (abs)        7C10
_RC1                             (abs)        7C11
_RC2                             (abs)        7C12
_RCEN                            (abs)        7E2B
_RCIE                            (abs)        7CED
_RCIF                            (abs)        7CF5
_RCREG                           (abs)        0FAE
_RD7                             (abs)        7C1F
_RSEN                            (abs)        7E29
_RX9                             (abs)        7D5E
_SEN                             (abs)        7E28
_SENDB                           (abs)        7D63
_SMP                             (abs)        7E3F
_SPBRG                           (abs)        0FAF
_SPEN                            (abs)        7D5F
_SSPADD                          (abs)        0FC8
_SSPBUF                          (abs)        0FC9
_SSPCON1                         (abs)        0FC6
_SSPIF                           (abs)        7CF3
_SYNC                            (abs)        7D64
_TRISB                           (abs)        0F93
_TRISC                           (abs)        0F94
_TRISC3                          (abs)        7CA3
_TRISC4                          (abs)        7CA4
_TRISC6                          (abs)        7CA6
_TRISC7                          (abs)        7CA7
_TRISD                           (abs)        0F95
_TRISD7                          (abs)        7CAF
_TX9                             (abs)        7D66
_TXEN                            (abs)        7D65
_TXIE                            (abs)        7CEC
_TXIF                            (abs)        7CF4
_TXREG                           (abs)        0FAD
_VCFG0                           (abs)        7E0C
_VCFG1                           (abs)        7E0D
_WUE                             (abs)        7DC1
__HRAM                           (abs)        0000
__H__absolute__                  __absolute__ 0000
__Habs1                          abs1         0000
__Hbank0                         bank0        0000
__Hbank1                         bank1        0000
__Hbank2                         bank2        0000
__Hbank3                         bank3        0000
__Hbank4                         bank4        0000
__Hbank5                         bank5        0000
__Hbigbss                        bigbss       0000
__Hbigdata                       bigdata      0000
__Hbigram                        bigram       0000
__Hbigsfr                        bigsfr       0000
__Hbss                           bss          0000
__HbssBANK1                      bssBANK1     0000
__HbssCOMRAM                     bssCOMRAM    0000
__Hcinit                         cinit        0000
__Hclrtext                       clrtext      0000
__Hcomram                        comram       0000
__Hconfig                        config       0000
__Hconst                         const        0000
__HcstackCOMRAM                  cstackCOMRAM 0000
__Hdata                          data         0000
__HdataBANK0                     dataBANK0    0000
__HdataCOMRAM                    dataCOMRAM   0000
__Heeprom_data                   eeprom_data  0000
__Hfarbss                        farbss       0000
__Hfardata                       fardata      0000
__Hheap                          heap         0000
__Hibigdata                      ibigdata     0000
__Hidata                         idata        0000
__HidataBANK0                    idataBANK0   0000
__HidataCOMRAM                   idataCOMRAM  0000
__Hidloc                         idloc        0000
__Hifardata                      ifardata     0000
__Hinit                          init         0004
__Hintcode                       intcode      0000
__Hintcode_body                  intcode_body 0000
__Hintcodelo                     intcodelo    0000
__Hintentry                      intentry     0000
__Hintret                        intret       0000
__Hintsave_regs                  intsave_regs 0000
__Hirdata                        irdata       0000
__Hmediumconst                   mediumconst  3000
__HnvFARRAM                      nvFARRAM     0000
__Hnvbit                         nvbit        0000
__Hnvrram                        nvrram       0000
__Hparam                         rparam       0000
__Hpowerup                       powerup      0000
__Hram                           ram          0000
__Hramtop                        ramtop       0600
__Hrbit                          rbit         0000
__Hrbss                          rbss         0000
__Hrdata                         rdata        0000
__Hreset_vec                     reset_vec    0000
__Hrparam                        rparam       0000
__Hsfr                           sfr          0000
__Hsivt_hi                       sivt_hi      0000
__Hsivt_lo                       sivt_lo      0000
__Hsmallconst                    smallconst   0000
__Hspace_0                       (abs)        3000
__Hspace_1                       (abs)        01AA
__Hspace_2                       (abs)        0000
__Hspace_4                       (abs)        0000
__Hstack                         stack        0000
__Hstruct                        struct       0000
__Htemp                          temp         0000
__Htext                          text         0000
__Htext0                         text0        0000
__Htext1                         text1        0000
__Htext10                        text10       0000
__Htext11                        text11       0000
__Htext12                        text12       0000
__Htext13                        text13       0000
__Htext14                        text14       0000
__Htext15                        text15       0000
__Htext16                        text16       0000
__Htext17                        text17       0000
__Htext18                        text18       0000
__Htext19                        text19       0000
__Htext2                         text2        0000
__Htext20                        text20       0000
__Htext21                        text21       0000
__Htext22                        text22       0000
__Htext23                        text23       0000
__Htext24                        text24       0000
__Htext25                        text25       0000
__Htext26                        text26       0000
__Htext27                        text27       0000
__Htext28                        text28       0000
__Htext29                        text29       0000
__Htext3                         text3        0000
__Htext30                        text30       0000
__Htext31                        text31       0000
__Htext32                        text32       0000
__Htext33                        text33       0000
__Htext34                        text34       0000
__Htext35                        text35       0000
__Htext36                        text36       0000
__Htext37                        text37       0000
__Htext38                        text38       0000
__Htext39                        text39       0000
__Htext4                         text4        0000
__Htext40                        text40       0000
__Htext41                        text41       0000
__Htext42                        text42       0000
__Htext43                        text43       0000
__Htext44                        text44       0000
__Htext45                        text45       0000
__Htext46                        text46       0000
__Htext47                        text47       0000
__Htext48                        text48       0000
__Htext49                        text49       0000
__Htext5                         text5        0000
__Htext50                        text50       0000
__Htext51                        text51       0000
__Htext52                        text52       0000
__Htext53                        text53       0000
__Htext6                         text6        0000
__Htext7                         text7        0000
__Htext8                         text8        0000
__Htext9                         text9        0000
__LRAM                           (abs)        0001
__L__absolute__                  __absolute__ 0000
__Labs1                          abs1         0000
__Lbank0                         bank0        0000
__Lbank1                         bank1        0000
__Lbank2                         bank2        0000
__Lbank3                         bank3        0000
__Lbank4                         bank4        0000
__Lbank5                         bank5        0000
__Lbigbss                        bigbss       0000
__Lbigdata                       bigdata      0000
__Lbigram                        bigram       0000
__Lbigsfr                        bigsfr       0000
__Lbss                           bss          0000
__LbssBANK1                      bssBANK1     0000
__LbssCOMRAM                     bssCOMRAM    0000
__Lcinit                         cinit        0000
__Lclrtext                       clrtext      0000
__Lcomram                        comram       0000
__Lconfig                        config       0000
__Lconst                         const        0000
__LcstackCOMRAM                  cstackCOMRAM 0000
__Ldata                          data         0000
__LdataBANK0                     dataBANK0    0000
__LdataCOMRAM                    dataCOMRAM   0000
__Leeprom_data                   eeprom_data  0000
__Lfarbss                        farbss       0000
__Lfardata                       fardata      0000
__Lheap                          heap         0000
__Libigdata                      ibigdata     0000
__Lidata                         idata        0000
__LidataBANK0                    idataBANK0   0000
__LidataCOMRAM                   idataCOMRAM  0000
__Lidloc                         idloc        0000
__Lifardata                      ifardata     0000
__Linit                          init         0000
__Lintcode                       intcode      0000
__Lintcode_body                  intcode_body 0000
__Lintcodelo                     intcodelo    0000
__Lintentry                      intentry     0000
__Lintret                        intret       0000
__Lintsave_regs                  intsave_regs 0000
__Lirdata                        irdata       0000
__Lmediumconst                   mediumconst  2F10
__LnvFARRAM                      nvFARRAM     0000
__Lnvbit                         nvbit        0000
__Lnvrram                        nvrram       0000
__Lparam                         rparam       0000
__Lpowerup                       powerup      0000
__Lram                           ram          0000
__Lramtop                        ramtop       0600
__Lrbit                          rbit         0000
__Lrbss                          rbss         0000
__Lrdata                         rdata        0000
__Lreset_vec                     reset_vec    0000
__Lrparam                        rparam       0000
__Lsfr                           sfr          0000
__Lsivt_hi                       sivt_hi      0000
__Lsivt_lo                       sivt_lo      0000
__Lsmallconst                    smallconst   0000
__Lspace_0                       (abs)        0000
__Lspace_1                       (abs)        0000
__Lspace_2                       (abs)        0000
__Lspace_4                       (abs)        0000
__Lstack                         stack        0000
__Lstruct                        struct       0000
__Ltemp                          temp         0000
__Ltext                          text         0000
__Ltext0                         text0        0000
__Ltext1                         text1        0000
__Ltext10                        text10       0000
__Ltext11                        text11       0000
__Ltext12                        text12       0000
__Ltext13                        text13       0000
__Ltext14                        text14       0000
__Ltext15                        text15       0000
__Ltext16                        text16       0000
__Ltext17                        text17       0000
__Ltext18                        text18       0000
__Ltext19                        text19       0000
__Ltext2                         text2        0000
__Ltext20                        text20       0000
__Ltext21                        text21       0000
__Ltext22                        text22       0000
__Ltext23                        text23       0000
__Ltext24                        text24       0000
__Ltext25                        text25       0000
__Ltext26                        text26       0000
__Ltext27                        text27       0000
__Ltext28                        text28       0000
__Ltext29                        text29       0000
__Ltext3                         text3        0000
__Ltext30                        text30       0000
__Ltext31                        text31       0000
__Ltext32                        text32       0000
__Ltext33                        text33       0000
__Ltext34                        text34       0000
__Ltext35                        text35       0000
__Ltext36                        text36       0000
__Ltext37                        text37       0000
__Ltext38                        text38       0000
__Ltext39                        text39       0000
__Ltext4                         text4        0000
__Ltext40                        text40       0000
__Ltext41                        text41       0000
__Ltext42                        text42       0000
__Ltext43                        text43       0000
__Ltext44                        text44       0000
__Ltext45                        text45       0000
__Ltext46                        text46       0000
__Ltext47                        text47       0000
__Ltext48                        text48       0000
__Ltext49                        text49       0000
__Ltext5                         text5        0000
__Ltext50                        text50       0000
__Ltext51                        text51       0000
__Ltext52                        text52       0000
__Ltext53                        text53       0000
__Ltext6                         text6        0000
__Ltext7                         text7        0000
__Ltext8                         text8        0000
__Ltext9                         text9        0000
__S0                             (abs)        3000
__S1                             (abs)        01AA
__S4                             (abs)        0000
__S5                             (abs)        0000
___awmod                         text45       2184
___awmod@counter                 cstackCOMRAM 0005
___awmod@dividend                cstackCOMRAM 0001
___awmod@divisor                 cstackCOMRAM 0003
___awmod@sign                    cstackCOMRAM 0006
___ftdiv                         text25       2718
___ftdiv@cntr                    cstackCOMRAM 0015
___ftdiv@exp                     cstackCOMRAM 0019
___ftdiv@f1                      cstackCOMRAM 000C
___ftdiv@f2                      cstackCOMRAM 000F
___ftdiv@f3                      cstackCOMRAM 0016
___ftdiv@sign                    cstackCOMRAM 001A
___ftpack                        text26       241C
___ftpack@arg                    cstackCOMRAM 0001
___ftpack@exp                    cstackCOMRAM 0004
___ftpack@sign                   cstackCOMRAM 0005
___fttol                         text24       2646
___fttol@exp1                    cstackCOMRAM 0029
___fttol@f1                      cstackCOMRAM 001B
___fttol@lval                    cstackCOMRAM 0025
___fttol@sign1                   cstackCOMRAM 0024
___heap_hi                       (abs)        0000
___heap_lo                       (abs)        0000
___inthi_sp                      stack        0000
___inthi_stack_hi                stack        0000
___inthi_stack_lo                stack        0000
___intlo_sp                      stack        0000
___intlo_stack_hi                stack        0000
___intlo_stack_lo                stack        0000
___lbdiv                         text14       1DDC
___lbdiv@counter                 cstackCOMRAM 0003
___lbdiv@dividend                cstackCOMRAM 0002
___lbdiv@divisor                 cstackCOMRAM 0001
___lbdiv@quotient                cstackCOMRAM 0004
___lbmod                         text13       1C48
___lbmod@counter                 cstackCOMRAM 0003
___lbmod@dividend                cstackCOMRAM 0002
___lbmod@divisor                 cstackCOMRAM 0001
___lbmod@rem                     cstackCOMRAM 0004
___lwdiv                         text23       1F5C
___lwdiv@counter                 cstackCOMRAM 0007
___lwdiv@dividend                cstackCOMRAM 0001
___lwdiv@divisor                 cstackCOMRAM 0003
___lwdiv@quotient                cstackCOMRAM 0005
___lwmod                         text53       1E8C
___lwmod@counter                 cstackCOMRAM 0005
___lwmod@dividend                cstackCOMRAM 0001
___lwmod@divisor                 cstackCOMRAM 0003
___lwtoft                        text22       1BFC
___lwtoft@c                      cstackCOMRAM 0009
___param_bank                    (abs)        0000
___rparam_used                   (abs)        0001
___sp                            stack        0000
___stack_hi                      stack        0000
___stack_lo                      stack        0000
__accesstop                      (abs)        0060
__activetblptr                   (abs)        0002
__end_of___awmod                 text45       21F2
__end_of___ftdiv                 text25       27FE
__end_of___ftpack                text26       24CA
__end_of___fttol                 text24       2718
__end_of___lbdiv                 text14       1E14
__end_of___lbmod                 text13       1C70
__end_of___lwdiv                 text23       1FAE
__end_of___lwmod                 text53       1ECE
__end_of___lwtoft                text22       1C20
__end_of__initialization         cinit        217A
__end_of_change_event            text46       2004
__end_of_change_field            text44       1BDE
__end_of_change_log              text28       1F12
__end_of_change_menu             text27       1D6E
__end_of_clcd_print              text42       2122
__end_of_clcd_putch              text21       1B8A
__end_of_clcd_write              text43       1C48
__end_of_dashboard_screen        text16       22EC
__end_of_display_selected_menu   text29       2BF2
__end_of_display_set_time        text15       28E8
__end_of_display_speed           text19       2646
__end_of_download_log            text32       2AE6
__end_of_event_read              text36       2F10
__end_of_event_store             text47       2582
__end_of_get_time                text17       2062
__end_of_getch                   text35       1B1C
__end_of_i2c_idle                text52       1AF4
__end_of_i2c_no_ack              text41       1AEC
__end_of_i2c_read                text39       1B3E
__end_of_i2c_rep_start           text38       1B14
__end_of_i2c_rx_mode             text40       1B0C
__end_of_i2c_start               text51       1AFC
__end_of_i2c_stop                text50       1B04
__end_of_i2c_write               text49       1B32
__end_of_inc_time                text12       29E2
__end_of_init_adc                text11       1BC0
__end_of_init_clcd               text10       241C
__end_of_init_config             text4        1BA4
__end_of_init_ds1307             text8        1D18
__end_of_init_i2c                text7        1B72
__end_of_init_matrix_keypad      text6        1B5C
__end_of_init_uart               text5        1D42
__end_of_main                    text0        2D44
__end_of_manual_delay            text31       1DDC
__end_of_menu_screen             text30       2376
__end_of_putch                   text34       1B4A
__end_of_puts                    text33       1CC4
__end_of_read_adc                text20       1E50
__end_of_read_ds1307             text18       1CEE
__end_of_read_eeprom             text37       1C9A
__end_of_read_switches           text2        1E8C
__end_of_scan_key                text3        226A
__end_of_set_time                text1        1F5C
__end_of_write_ds1307            text9        1BFC
__end_of_write_eeprom            text48       1DA4
__initialization                 cinit        2122
__mediumconst                    mediumconst  2F10
__pbssBANK1                      bssBANK1     0100
__pbssCOMRAM                     bssCOMRAM    0032
__pcinit                         cinit        2122
__pcstackCOMRAM                  cstackCOMRAM 0001
__pdataBANK0                     dataBANK0    0060
__pdataCOMRAM                    dataCOMRAM   0043
__pidataBANK0                    idataBANK0   2063
__pidataCOMRAM                   idataCOMRAM  1B1D
__pmediumconst                   mediumconst  2F10
__ptext0                         text0        2BF2
__ptext1                         text1        1F12
__ptext10                        text10       2376
__ptext11                        text11       1BA4
__ptext12                        text12       28E8
__ptext13                        text13       1C48
__ptext14                        text14       1DDC
__ptext15                        text15       27FE
__ptext16                        text16       226A
__ptext17                        text17       2004
__ptext18                        text18       1CC4
__ptext19                        text19       2582
__ptext2                         text2        1E50
__ptext20                        text20       1E14
__ptext21                        text21       1B72
__ptext22                        text22       1BFC
__ptext23                        text23       1F5C
__ptext24                        text24       2646
__ptext25                        text25       2718
__ptext26                        text26       241C
__ptext27                        text27       1D42
__ptext28                        text28       1ECE
__ptext29                        text29       2AE6
__ptext3                         text3        21F2
__ptext30                        text30       22EC
__ptext31                        text31       1DA4
__ptext32                        text32       29E2
__ptext33                        text33       1C9A
__ptext34                        text34       1B3E
__ptext35                        text35       1B14
__ptext36                        text36       2D44
__ptext37                        text37       1C70
__ptext38                        text38       1B0C
__ptext39                        text39       1B32
__ptext4                         text4        1B8A
__ptext40                        text40       1B04
__ptext41                        text41       1AE6
__ptext42                        text42       20C2
__ptext43                        text43       1C20
__ptext44                        text44       1BC0
__ptext45                        text45       2184
__ptext46                        text46       1FAE
__ptext47                        text47       24CA
__ptext48                        text48       1D6E
__ptext49                        text49       1B26
__ptext5                         text5        1D18
__ptext50                        text50       1AFC
__ptext51                        text51       1AF4
__ptext52                        text52       1AEC
__ptext53                        text53       1E8C
__ptext6                         text6        1B4A
__ptext7                         text7        1B5C
__ptext8                         text8        1CEE
__ptext9                         text9        1BDE
__ramtop                         ramtop       0600
__smallconst                     smallconst   0000
_address                         bssCOMRAM    0038
_blink_flag                      dataCOMRAM   004A
_change_event                    text46       1FAE
_change_field                    text44       1BC0
_change_log                      text28       1ECE
_change_menu                     text27       1D42
_clcd_print                      text42       20C2
_clcd_putch                      text21       1B72
_clcd_write                      text43       1C20
_dashboard_screen                text16       226A
_display_selected_menu           text29       2AE6
_display_set_time                text15       27FE
_display_speed                   text19       2582
_download_log                    text32       29E2
_event_count                     bssCOMRAM    0032
_event_flag                      bssCOMRAM    003A
_event_index                     bssCOMRAM    0037
_event_read                      text36       2D44
_event_store                     text47       24CA
_field_index                     bssCOMRAM    003D
_flag                            bssCOMRAM    0035
_get_time                        text17       2004
_getch                           text35       1B14
_i2c_idle                        text52       1AEC
_i2c_no_ack                      text41       1AE6
_i2c_read                        text39       1B32
_i2c_rep_start                   text38       1B0C
_i2c_rx_mode                     text40       1B04
_i2c_start                       text51       1AF4
_i2c_stop                        text50       1AFC
_i2c_write                       text49       1B26
_inc_time                        text12       28E8
_init_adc                        text11       1BA4
_init_clcd                       text10       2376
_init_config                     text4        1B8A
_init_ds1307                     text8        1CEE
_init_i2c                        text7        1B5C
_init_matrix_keypad              text6        1B4A
_init_uart                       text5        1D18
_log_flag                        bssCOMRAM    003C
_log_index                       bssCOMRAM    0036
_logs                            bssBANK1     0100
_main                            text0        2BF2
_manual_delay                    text31       1DA4
_menu                            dataBANK0    0060
_menu_flag                       bssCOMRAM    003B
_menu_index                      bssCOMRAM    003E
_menu_screen                     text30       22EC
_putch                           text34       1B3E
_puts                            text33       1C9A
_read_adc                        text20       1E14
_read_ds1307                     text18       1CC4
_read_eeprom                     text37       1C70
_read_switches                   text2        1E50
_scan_key                        text3        21F2
_screen_status                   bssCOMRAM    003F
_set_time                        text1        1F12
_speed                           bssCOMRAM    0040
_star                            bssCOMRAM    0034
_time                            dataCOMRAM   0043
_write_ds1307                    text9        1BDE
_write_eeprom                    text48       1D6E
clcd_print@addr                  cstackCOMRAM 0005
clcd_print@data                  cstackCOMRAM 0003
clcd_putch@addr                  cstackCOMRAM 0003
clcd_putch@data                  cstackCOMRAM 0004
clcd_write@byte                  cstackCOMRAM 0002
clcd_write@control_bit           cstackCOMRAM 0001
dashboard_screen@Event           cstackCOMRAM 002E
dashboard_screen@speed           cstackCOMRAM 002F
display_selected_menu@menu_index cstackCOMRAM 001A
display_set_time@field_index     cstackCOMRAM 0007
display_speed@adc_value          cstackCOMRAM 002A
display_speed@speed_value        cstackCOMRAM 002C
download_log@i                   cstackCOMRAM 0016
download_log@j                   cstackCOMRAM 0018
end_of_initialization            cinit        217A
event_read@j                     cstackCOMRAM 0010
event_read@j_433                 cstackCOMRAM 000C
event_read@log_index             cstackCOMRAM 000E
event_read@log_index_432         cstackCOMRAM 000A
event_read@r_address             cstackCOMRAM 0008
event_store@i                    cstackCOMRAM 0006
event_store@j                    cstackCOMRAM 0008
event_store@k                    cstackCOMRAM 000A
get_time@clock_reg               cstackCOMRAM 0004
i2c_write@data                   cstackCOMRAM 0001
inc_time@field_index             cstackCOMRAM 0007
inc_time@hours                   cstackCOMRAM 000B
inc_time@minutes                 cstackCOMRAM 000C
inc_time@seconds                 cstackCOMRAM 000D
init_ds1307@dummy                cstackCOMRAM 0004
intlevel0                        text         0000
intlevel1                        text         0000
intlevel2                        text         0000
intlevel3                        text         0000
isa$std                          (abs)        0001
isa$xinst                        (abs)        0000
main@key                         cstackCOMRAM 0031
manual_delay@delay               cstackCOMRAM 0001
manual_delay@i                   cstackCOMRAM 0003
manual_delay@j                   cstackCOMRAM 0005
putch@byte                       cstackCOMRAM 0001
puts@s                           cstackCOMRAM 0002
read_adc@channel                 cstackCOMRAM 0007
read_adc@reg_val                 cstackCOMRAM 0005
read_ds1307@address              cstackCOMRAM 0002
read_ds1307@data                 cstackCOMRAM 0003
read_eeprom@address              cstackCOMRAM 0002
read_eeprom@data                 cstackCOMRAM 0003
read_switches@detection_type     cstackCOMRAM 0001
read_switches@key                bssCOMRAM    0039
read_switches@once               dataCOMRAM   004B
stackhi                          (abs)        0000
stacklo                          (abs)        0000
start                            init         0000
start_initialization             cinit        2122
write_ds1307@address             cstackCOMRAM 0003
write_ds1307@data                cstackCOMRAM 0002
write_eeprom@address             cstackCOMRAM 0005
write_eeprom@data                cstackCOMRAM 0002
write_eeprom@i                   cstackCOMRAM 0003


MODULE INFORMATION

Module		Function		Class		Link	Load	Size
C:\Program Files\Microchip\xc8\v2.50\pic\sources\c90\common\lbdiv.c
		___lbdiv       		CODE           	1DDC	0000	56

C:\Program Files\Microchip\xc8\v2.50\pic\sources\c90\common\lbdiv.c estimated size: 56

car_black_box.c
		_dashboard_screen		CODE           	226A	0000	130
		_inc_time      		CODE           	28E8	0000	250
		_menu_screen   		CODE           	22EC	0000	138
		_event_store   		CODE           	24CA	0000	184
		_display_set_time		CODE           	27FE	0000	234
		_display_speed 		CODE           	2582	0000	196
		_manual_delay  		CODE           	1DA4	0000	56
		_display_selected_menu		CODE           	2AE6	0000	268
		_get_time      		CODE           	2004	0000	94
		_event_read    		CODE           	2D44	0000	460
		_download_log  		CODE           	29E2	0000	260
		_set_time      		CODE           	1F12	0000	74
		_change_log    		CODE           	1ECE	0000	68
		_change_menu   		CODE           	1D42	0000	44
		_change_field  		CODE           	1BC0	0000	30
		_change_event  		CODE           	1FAE	0000	86

car_black_box.c estimated size: 2572

C:\Program Files\Microchip\xc8\v2.50\pic\sources\c90\common\float.c
		___ftpack      		CODE           	241C	0000	174

C:\Program Files\Microchip\xc8\v2.50\pic\sources\c90\common\float.c estimated size: 174

uart.c
		_putch         		CODE           	1B3E	0000	12
		_init_uart     		CODE           	1D18	0000	42
		_puts          		CODE           	1C9A	0000	42
		_getch         		CODE           	1B14	0000	8

uart.c estimated size: 104

C:\Program Files\Microchip\xc8\v2.50\pic\sources\c90\common\lwmod.c
		___lwmod       		CODE           	1E8C	0000	66

C:\Program Files\Microchip\xc8\v2.50\pic\sources\c90\common\lwmod.c estimated size: 66

i2c.c
		_i2c_start     		CODE           	1AF4	0000	8
		_i2c_no_ack    		CODE           	1AE6	0000	6
		_i2c_rep_start 		CODE           	1B0C	0000	8
		_i2c_idle      		CODE           	1AEC	0000	8
		_i2c_write     		CODE           	1B26	0000	12
		_i2c_stop      		CODE           	1AFC	0000	8
		_i2c_read      		CODE           	1B32	0000	12
		_init_i2c      		CODE           	1B5C	0000	22
		_i2c_rx_mode   		CODE           	1B04	0000	8

i2c.c estimated size: 92

ds1307.c
		_read_ds1307   		CODE           	1CC4	0000	42
		_write_ds1307  		CODE           	1BDE	0000	30
		_init_ds1307   		CODE           	1CEE	0000	42

ds1307.c estimated size: 114

adc.c
		_init_adc      		CODE           	1BA4	0000	28
		_read_adc      		CODE           	1E14	0000	60

adc.c estimated size: 88

C:\Program Files\Microchip\xc8\v2.50\pic\sources\c90\common\awmod.c
		___awmod       		CODE           	2184	0000	110

C:\Program Files\Microchip\xc8\v2.50\pic\sources\c90\common\awmod.c estimated size: 110

C:\Program Files\Microchip\xc8\v2.50\pic\sources\c90\common\ftdiv.c
		___ftdiv       		CODE           	2718	0000	230

C:\Program Files\Microchip\xc8\v2.50\pic\sources\c90\common\ftdiv.c estimated size: 230

mkp.c
		_init_matrix_keypad		CODE           	1B4A	0000	18
		_read_switches 		CODE           	1E50	0000	60
		_scan_key      		CODE           	21F2	0000	120

mkp.c estimated size: 198

C:\Program Files\Microchip\xc8\v2.50\pic\sources\c90\common\lwdiv.c
		___lwdiv       		CODE           	1F5C	0000	82

C:\Program Files\Microchip\xc8\v2.50\pic\sources\c90\common\lwdiv.c estimated size: 82

external_eeprom.c
		_read_eeprom   		CODE           	1C70	0000	42
		_write_eeprom  		CODE           	1D6E	0000	54

external_eeprom.c estimated size: 96

shared
		__initialization		CODE           	2122	0000	88

shared estimated size: 88

C:\Program Files\Microchip\xc8\v2.50\pic\sources\c90\common\lbmod.c
		___lbmod       		CODE           	1C48	0000	40

C:\Program Files\Microchip\xc8\v2.50\pic\sources\c90\common\lbmod.c estimated size: 40

clcd.c
		_clcd_write    		CODE           	1C20	0000	40
		_clcd_print    		CODE           	20C2	0000	96
		_clcd_putch    		CODE           	1B72	0000	24
		_init_clcd     		CODE           	2376	0000	166

clcd.c estimated size: 326

C:\Program Files\Microchip\xc8\v2.50\pic\sources\c90\common\fttol.c
		___fttol       		CODE           	2646	0000	210

C:\Program Files\Microchip\xc8\v2.50\pic\sources\c90\common\fttol.c estimated size: 210

mainn.c
		_main          		CODE           	2BF2	0000	338
		_init_config   		CODE           	1B8A	0000	26

mainn.c estimated size: 364

C:\Program Files\Microchip\xc8\v2.50\pic\sources\c90\common\lwtoft.c
		___lwtoft      		CODE           	1BFC	0000	36

C:\Program Files\Microchip\xc8\v2.50\pic\sources\c90\common\lwtoft.c estimated size: 36

