

Microchip MPLAB XC8 Assembler V2.50 build 20240725155939 
                                                                                                           Mon Dec 02 17:17:06 2024


     1                           	processor	18F4580
     2                           	pagewidth 132
     3                           	psect	const,global,reloc=2,class=CONST,space=0,delta=1,noexec
     4                           	psect	smallconst,global,reloc=2,class=SMALLCONST,space=0,delta=1,noexec
     5                           	psect	mediumconst,global,reloc=2,class=MEDIUMCONST,space=0,delta=1,noexec
     6                           	psect	rbss,global,class=COMRAM,space=1,delta=1,noexec
     7                           	psect	bss,global,class=RAM,space=1,delta=1,noexec
     8                           	psect	rdata,global,class=COMRAM,space=1,delta=1,noexec
     9                           	psect	irdata,global,reloc=2,class=CODE,space=0,delta=1,noexec
    10                           	psect	data,global,class=RAM,space=1,delta=1,noexec
    11                           	psect	idata,global,reloc=2,class=CODE,space=0,delta=1,noexec
    12                           	psect	nvrram,global,class=COMRAM,space=1,delta=1,noexec
    13                           	psect	nvbit,global,bit,class=COMRAM,space=1,delta=1,noexec
    14                           	psect	temp,global,ovrld,class=COMRAM,space=1,delta=1,noexec
    15                           	psect	struct,global,ovrld,class=COMRAM,space=1,delta=1,noexec
    16                           	psect	rbit,global,bit,class=COMRAM,space=1,delta=1,noexec
    17                           	psect	bigbss,global,class=BIGRAM,space=1,delta=1,noexec
    18                           	psect	bigdata,global,class=BIGRAM,space=1,delta=1,noexec
    19                           	psect	ibigdata,global,reloc=2,class=CODE,space=0,delta=1,noexec
    20                           	psect	farbss,global,reloc=2,class=FARRAM,space=0,delta=1,noexec
    21                           	psect	nvFARRAM,global,reloc=2,class=FARRAM,space=0,delta=1,noexec
    22                           	psect	fardata,global,reloc=2,class=FARRAM,space=0,delta=1,noexec
    23                           	psect	ifardata,global,reloc=2,class=CODE,space=0,delta=1,noexec
    24                           	psect	reset_vec,global,reloc=2,class=CODE,space=0,delta=1
    25                           	psect	powerup,global,reloc=2,class=CODE,space=0,delta=1
    26                           	psect	init,global,reloc=2,class=CODE,space=0,delta=1
    27                           	psect	text,global,reloc=2,class=CODE,space=0,delta=1
    28                           	psect	clrtext,global,reloc=2,class=CODE,space=0,delta=1
    29                           	psect	config,global,class=CONFIG,space=4,delta=1,noexec
    30                           	psect	idloc,global,class=IDLOC,space=5,delta=1,noexec
    31                           	psect	intcode,global,reloc=2,class=CODE,space=0,delta=1
    32                           	psect	sivt_hi,global,reloc=2,class=CODE,space=0,delta=1
    33                           	psect	intcode_body,global,reloc=2,class=CODE,space=0,delta=1
    34                           	psect	intcodelo,global,reloc=2,class=CODE,space=0,delta=1
    35                           	psect	sivt_lo,global,reloc=2,class=CODE,space=0,delta=1
    36                           	psect	intret,global,reloc=2,class=CODE,space=0,delta=1
    37                           	psect	intentry,global,reloc=2,class=CODE,space=0,delta=1
    38                           	psect	intsave_regs,global,class=BIGRAM,space=1,delta=1
    39                           	psect	eeprom_data,global,class=EEDATA,space=0,delta=1,noexec
    40                           	psect	ramtop,global,class=RAM,space=0,delta=1,noexec
    41                           	psect	stack,global,class=STACK,space=2,delta=1,noexec
    42                           	psect	heap,global,class=HEAP,space=7,delta=1,noexec
    43                           	psect	comram,global,class=COMRAM,space=1,delta=1
    44                           	psect	abs1,global,class=ABS1,space=1,delta=1
    45                           	psect	bigram,global,class=BIGRAM,space=1,delta=1
    46                           	psect	ram,global,class=RAM,space=1,delta=1
    47                           	psect	bank0,global,class=BANK0,space=1,delta=1
    48                           	psect	bank1,global,class=BANK1,space=1,delta=1
    49                           	psect	bank2,global,class=BANK2,space=1,delta=1
    50                           	psect	bank3,global,class=BANK3,space=1,delta=1
    51                           	psect	bank4,global,class=BANK4,space=1,delta=1
    52                           	psect	bank5,global,class=BANK5,space=1,delta=1
    53                           	psect	sfr,global,class=SFR,space=1,delta=1
    54                           	psect	bigsfr,global,class=BIGSFR,space=1,delta=1
    55                           
    56                           ; Microchip MPLAB XC8 C Compiler V2.50
    57                           ; Copyright (C) 2024 Microchip Technology Inc.
    58                           ; Auto-generated runtime startup code for final link stage.
    59                           ;
    60                           ; Compiler options:
    61                           ;
    62                           ; -I/opt/microchip/xc8/v2.36/include/ --ROM=0-3000 -Q --opt=all \
    63                           ; --asmlist --summary=psect,mem -Mpic18F4580.map -DCOMPILER= -intel \
    64                           ; adc.p1 i2c.p1 ds1307.p1 uart.p1 mainn.p1 clcd.p1 mkp.p1 \
    65                           ; external_eeprom.p1 car_black_box.p1 -opic18F4580.hex
    66                           ;
    67   000000                     
    68                           ; Generated 25/07/2024 GMT
    69                           ; 
    70                           ; Copyright © 2024, Microchip Technology Inc. and its subsidiaries ("Microchip")
    71                           ; All rights reserved.
    72                           ; 
    73                           ; This software is developed by Microchip Technology Inc. and its subsidiaries ("Microchip").
    74                           ; 
    75                           ; Redistribution and use in source and binary forms, with or without modification, are
    76                           ; permitted provided that the following conditions are met:
    77                           ; 
    78                           ;     1. Redistributions of source code must retain the above copyright notice, this list of
    79                           ;        conditions and the following disclaimer.
    80                           ; 
    81                           ;     2. Redistributions in binary form must reproduce the above copyright notice, this list
    82                           ;        of conditions and the following disclaimer in the documentation and/or other
    83                           ;        materials provided with the distribution. Publication is not required when
    84                           ;        this file is used in an embedded application.
    85                           ; 
    86                           ;     3. Microchip's name may not be used to endorse or promote products derived from this
    87                           ;        software without specific prior written permission.
    88                           ; 
    89                           ; THIS SOFTWARE IS PROVIDED BY MICROCHIP "AS IS" AND ANY EXPRESS OR IMPLIED WARRANTIES,
    90                           ; INCLUDING, BUT NOT LIMITED TO, THE IMPLIED WARRANTIES OF MERCHANTABILITY AND FITNESS FOR
    91                           ; PURPOSE ARE DISCLAIMED.  IN NO EVENT SHALL MICROCHIP BE LIABLE FOR ANY DIRECT, INDIRECT,
    92                           ; INCIDENTAL, SPECIAL, EXEMPLARY, OR CONSEQUENTIAL DAMAGES (INCLUDING BUT NOT LIMITED TO
    93                           ; PROCUREMENT OF SUBSTITUTE GOODS OR SERVICES; LOSS OF USE, DATA OR PROFITS; OR BUSINESS
    94                           ; INTERRUPTION) HOWSOEVER CAUSED AND ON ANY THEORY OF LIABILITY, WHETHER IN CONTRACT, STRICT
    95                           ; LIABILITY, OR TORT (INCLUDING NEGLIGENCE OR OTHERWISE) ARISING IN ANY WAY OUT OF THE USE OF
    96                           ; THIS SOFTWARE, EVEN IF ADVISED OF THE POSSIBILITY OF SUCH DAMAGE.
    97                           ; 
    98                           ; 
    99                           ; Code-generator required, PIC18F4580 Definitions
   100                           ; 
   101                           ; SFR Addresses
   102   000FE0                     bsr             equ	4064
   103   000FE9                     fsr0            equ	4073
   104   000FEA                     fsr0h           equ	4074
   105   000FE9                     fsr0l           equ	4073
   106   000FE1                     fsr1            equ	4065
   107   000FE2                     fsr1h           equ	4066
   108   000FE1                     fsr1l           equ	4065
   109   000FD9                     fsr2            equ	4057
   110   000FDA                     fsr2h           equ	4058
   111   000FD9                     fsr2l           equ	4057
   112   000FEF                     indf0           equ	4079
   113   000FE7                     indf1           equ	4071
   114   000FDF                     indf2           equ	4063
   115   000FF2                     intcon          equ	4082
   116   000000                     nvmcon          equ	0
   117   000FF9                     pcl             equ	4089
   118   000FFA                     pclath          equ	4090
   119   000FFB                     pclatu          equ	4091
   120   000FEB                     plusw0          equ	4075
   121   000FE3                     plusw1          equ	4067
   122   000FDB                     plusw2          equ	4059
   123   000FED                     postdec0        equ	4077
   124   000FE5                     postdec1        equ	4069
   125   000FDD                     postdec2        equ	4061
   126   000FEE                     postinc0        equ	4078
   127   000FE6                     postinc1        equ	4070
   128   000FDE                     postinc2        equ	4062
   129   000FEC                     preinc0         equ	4076
   130   000FE4                     preinc1         equ	4068
   131   000FDC                     preinc2         equ	4060
   132   000FF3                     prod            equ	4083
   133   000FF4                     prodh           equ	4084
   134   000FF3                     prodl           equ	4083
   135   000FD8                     status          equ	4056
   136   000FF5                     tablat          equ	4085
   137   000FF6                     tblptr          equ	4086
   138   000FF7                     tblptrh         equ	4087
   139   000FF6                     tblptrl         equ	4086
   140   000FF8                     tblptru         equ	4088
   141   000FFD                     tosl            equ	4093
   142   000FE8                     wreg            equ	4072
   143   000001                     pic18cxx        equ	1
   144                           
   145                           	psect	smallconst
   146   000000                     __smallconst:
   147                           	callstack 0
   148                           
   149                           	psect	mediumconst
   150   002F10                     __mediumconst:
   151                           	callstack 0	; top of RAM usage
   152                           
   153                           	psect	reset_vec
   154   000000                     
   155                           ; No powerup routine
   156                           ; No interrupt routines
   157   000060                     __accesstop     equ	96
   158                           
   159                           ;Initialize the stack pointer (FSR1)
   160   000000                     stacklo         equ	0
   161   000000                     stackhi         equ	0
   162                           
   163                           	psect	init
   164   000000                     start:
   165                           	callstack 0
   166   000000  EF91  F010         	goto	start_initialization	;jump to C runtime clear & initialization
   167                           
   168                           	psect	text
   169   000000                     intlevel0:
   170                           	callstack 0
   171   000000                     intlevel1:
   172                           	callstack 0
   173   000000                     intlevel2:
   174                           	callstack 0
   175   000000                     intlevel3:
   176                           	callstack 0
   177                           
   178                           	psect	ramtop
   179   000600                     __ramtop:
   180                           	callstack 0
   181                           
   182                           	psect	stack
   183   000000                     ___sp:
   184                           	callstack 0
   185   000000                     ___inthi_sp:
   186                           	callstack 0
   187   000000                     ___intlo_sp:
   188                           	callstack 0
   189   000000                     ___stack_lo:
   190                           	callstack 0
   191   000000                     ___stack_hi:
   192                           	callstack 0
   193   000000                     ___inthi_stack_lo:
   194                           	callstack 0
   195   000000                     ___inthi_stack_hi:
   196                           	callstack 0
   197   000000                     ___intlo_stack_lo:
   198                           	callstack 0
   199   000000                     ___intlo_stack_hi:
   200                           	callstack 0
   201                           
   202                           ; No heap to be allocated
   203                           
   204                           	psect	heap
   205   000000                     ___heap_lo      equ	0
   206   000000                     ___heap_hi      equ	0
   207                           tosu	equ	0xFFF
   208                           tosh	equ	0xFFE
   209                           tosl	equ	0xFFD
   210                           stkptr	equ	0xFFC
   211                           pclatu	equ	0xFFB
   212                           pclath	equ	0xFFA
   213                           pcl	equ	0xFF9
   214                           tblptru	equ	0xFF8
   215                           tblptrh	equ	0xFF7
   216                           tblptrl	equ	0xFF6
   217                           tablat	equ	0xFF5
   218                           prodh	equ	0xFF4
   219                           prodl	equ	0xFF3
   220                           indf0	equ	0xFEF
   221                           postinc0	equ	0xFEE
   222                           postdec0	equ	0xFED
   223                           preinc0	equ	0xFEC
   224                           plusw0	equ	0xFEB
   225                           fsr0h	equ	0xFEA
   226                           fsr0l	equ	0xFE9
   227                           wreg	equ	0xFE8
   228                           indf1	equ	0xFE7
   229                           postinc1	equ	0xFE6
   230                           postdec1	equ	0xFE5
   231                           preinc1	equ	0xFE4
   232                           plusw1	equ	0xFE3
   233                           fsr1h	equ	0xFE2
   234                           fsr1l	equ	0xFE1
   235                           bsr	equ	0xFE0
   236                           indf2	equ	0xFDF
   237                           postinc2	equ	0xFDE
   238                           postdec2	equ	0xFDD
   239                           preinc2	equ	0xFDC
   240                           plusw2	equ	0xFDB
   241                           fsr2h	equ	0xFDA
   242                           fsr2l	equ	0xFD9
   243                           status	equ	0xFD8


Microchip Technology PIC18 Macro Assembler V2.50 build 20240725155939 
Symbol Table                                                                                               Mon Dec 02 17:17:06 2024

                __S1 01AA                 ___sp 0000                 _main 2BF2                 start 0000  
              __HRAM 0000                __LRAM 0001               isa$std 0001     ___inthi_stack_hi 0000  
   ___inthi_stack_lo 0000         __mediumconst 2F10               stackhi 0000               stacklo 0000  
         __accesstop 0060           ___inthi_sp 0000           ___intlo_sp 0000           ___stack_hi 0000  
         ___stack_lo 0000     ___intlo_stack_hi 0000     ___intlo_stack_lo 0000              __ramtop 0600  
start_initialization 2122            ___heap_hi 0000            ___heap_lo 0000          __smallconst 0000  
           isa$xinst 0000             intlevel0 0000             intlevel1 0000             intlevel2 0000  
           intlevel3 0000             reset_vec 0000  
